diff        drawing 65  20
tap         drawing 65  44
nwell       drawing 64  20
dnwell      drawing 64  18
pwbm        drawing 19  44
pwde        drawing 124 20
natfet      drawing 124 21
hvtr        drawing 18  20
hvtp        drawing 78  44
ldntm       drawing 11  44
hvi         drawing 75  20
tunm        drawing 80  20
lvtn        drawing 125 44
poly        drawing 66  20
hvntm       drawing 125 20
nsdm        drawing 93  44
psdm        drawing 94  20
rpm         drawing 86  20
urpm        drawing 79  20
npc         drawing 95  20
licon       drawing 66  44
li          drawing 67  20
mcon        drawing 67  44
m1          drawing 68  20
via         drawing 68  44
m2          drawing 69  20
via2        drawing 69  44
m3          drawing 70  20
via3        drawing 70  44
m4          drawing 71  20
via4        drawing 71  44
m5          drawing 72  20
via5        drawing 71  44

pad         drawing 76  20
nsm         drawing 61  20
capm        drawing 89  44
cap2m       drawing 97  44
vhvi        drawing 74  21
uhvi        drawing 74  22
npn         drawing 82  20
inductor    drawing 82  24
vpp         drawing 82  64
pnp         drawing 82  44
lvs_prune   drawing 84  44
ncm         drawing 92  44
padcenter   drawing 81  20
mf          drawing 76  44

comment     drawing 83	 44
